
> temp-app@0.1.0 build
> next build

Γû▓ Next.js 16.1.6 (Turbopack)

  Creating an optimized production build ...
node.exe : 
At line:1 char:1
+ & "C:\Program 
Files\nodejs/node.exe" 
"C:\Program 
Files\nodejs/node_mo 
...
+ ~~~~~~~~~~~~~~~~~~~~~
~~~~~~~~~~~~~~~~~~~~~~~
~~~~~~~~~~~~~~~~~~~~~~~
~~
    + CategoryInfo     
         : NotSpecifi  
  ed: (:String) [],    
 RemoteException
    + FullyQualifiedEr 
   rorId : NativeComm  
  andError
 
> Build error occurred
Error: Turbopack build 
failed with 1 errors:
./src/app/creators/[id]
/page.tsx:42:23
Ecmascript file had an 
error
[0m [90m 40 |[39m 
}[33m;[39m
 [90m 41 |[39m
[31m[1m>[22m[39m[9
0m 42 |[39m 
[36mexport[39m 
[36masync[39m 
[36mfunction[39m 
generateMetadata(
 [90m    |[39m       
                [31m[
1m^[22m[39m[31m[1m^
[22m[39m[31m[1m^[2
2m[39m[31m[1m^[22m
[39m[31m[1m^[22m[39
m[31m[1m^[22m[39m[
31m[1m^[22m[39m[31m
[1m^[22m[39m[31m[1
m^[22m[39m[31m[1m^
[22m[39m[31m[1m^[22
m[39m[31m[1m^[22m[
39m[31m[1m^[22m[39m
[31m[1m^[22m[39m[3
1m[1m^[22m[39m[31m
[1m^[22m[39m
 [90m 43 |[39m     { 
params }[33m:[39m [3
3mProps[39m[33m,[39m
 [90m 44 |[39m     
parent[33m:[39m [33m
ResolvingMetadata[39m
 [90m 45 |[39m 
)[33m:[39m [33mPromi
se[39m[33m<[39m[33m
Metadata[39m[33m>[39
m {[0m

You are attempting to 
export 
"generateMetadata" 
from a component 
marked with "use 
client", which is 
disallowed. Either 
remove the export, or 
the "use client" 
directive. Read more: h
ttps://nextjs.org/docs/
app/api-reference/direc
tives/use-client



Import traces:
  Client Component 
Browser:
    ./src/app/creators/
[id]/page.tsx [Client 
Component Browser]
    ./src/app/creators/
[id]/page.tsx [Server 
Component]

  Client Component SSR:
    ./src/app/creators/
[id]/page.tsx [Client 
Component SSR]
    ./src/app/creators/
[id]/page.tsx [Server 
Component]


    at <unknown> (./src
/app/creators/[id]/page
.tsx:42:23)
